C 15000

F 10

L 52 35 35 43 35 124 43 43 35 43 45 43 43 43 43 43 120


R {    1} {0} {<278>} {1} { }
E {    2} {w} {w}
E {   18} {e} {e}
E {   19} {s} {s}

R {    2} {0} {<278>} {2} { }
E {    1} {e} {e}
E {    3} {w} {w}

R {    3} {0} {<278>} {3} { }
E {    2} {e} {e}
E {    4} {w} {w}
E {   45} {n} {n}

R {    4} {0} {<278>} {4} { }
E {    3} {e} {e}
E {    5} {s} {s}
E {   51} {u} {u}

R {    5} {0} {<278>} {5} { }
E {    4} {n} {n}
E {    6} {s} {s}

R {    6} {0} {<278>} {6} { }
E {    5} {n} {n}
E {    7} {s} {s}

R {    7} {0} {<278>} {7} { }
E {    6} {n} {n}
E {    8} {e} {e}
E {   50} {u} {u}

R {    8} {0} {<278>} {8} { }
E {    7} {w} {w}
E {    9} {e} {e}

R {    9} {0} {<278>} {9} { }
E {    8} {w} {w}
E {   10} {e} {e}

R {   10} {0} {<278>} {10} { }
E {    9} {w} {w}
E {   11} {e} {e}
E {   20} {n} {n}
E {   21} {s} {s}

R {   11} {0} {<278>} {11} { }
E {   10} {w} {w}
E {   12} {e} {e}

R {   12} {0} {<278>} {12} { }
E {   11} {w} {w}
E {   13} {e} {e}

R {   13} {0} {<278>} {13} { }
E {   12} {w} {w}
E {   14} {n} {n}
E {   49} {u} {u}

R {   14} {0} {<278>} {14} { }
E {   13} {s} {s}
E {   15} {n} {n}
E {   47} {e} {e}

R {   15} {0} {<278>} {15} { }
E {   14} {s} {s}
E {   16} {n} {n}

R {   16} {0} {<278>} {16} { }
E {   15} {s} {s}
E {   17} {w} {w}
E {   52} {u} {u}

R {   17} {0} {<278>} {17} { }
E {   16} {e} {e}
E {   18} {w} {w}
E {   70} {n} {n}

R {   18} {0} {<278>} {18} { }
E {   17} {e} {e}
E {    1} {w} {w}

R {   19} {0} {<278>} {19} { }
E {    1} {n} {n}
E {   20} {s} {s}

R {   20} {0} {<278>} {20} { }
E {   19} {n} {n}
E {   10} {s} {s}

R {   21} {0} {<278>} {21} { }
E {   10} {n} {n}
E {   22} {s} {s}

R {   22} {0} {<278>} {22} { }
E {   21} {n} {n}
E {   23} {s} {s}

R {   23} {0} {<278>} {23} { }
E {   22} {n} {n}
E {   24} {e} {e}

R {   24} {0} {<278>} {24} { }
E {   23} {w} {w}
E {   25} {s} {s}
E {   55} {n} {n}

R {   25} {0} {<278>} {25} { }
E {   24} {n} {n}
E {   26} {s} {s}
E {   43} {e} {e}

R {   26} {0} {<278>} {26} { }
E {   25} {n} {n}
E {   27} {w} {w}
E {   53} {s} {s}
E {   42} {e} {e}

R {   27} {0} {<278>} {27} { }
E {   26} {e} {e}
E {   28} {s} {s}

R {   28} {0} {<278>} {28} { }
E {   27} {n} {n}
E {   29} {w} {w}

R {   29} {0} {<278>} {29} { }
E {   28} {e} {e}
E {   30} {s} {s}

R {   30} {0} {<278>} {30} { }
E {   29} {n} {n}
E {   31} {w} {w}
E {   38} {e} {e}

R {   31} {0} {<278>} {31} { }
E {   30} {e} {e}
E {   32} {w} {w}
E {   35} {s} {s}
E {   34} {n} {n}

R {   32} {0} {<278>} {32} { }
E {   31} {e} {e}
E {   36} {s} {s}
E {   56} {w} {w}
E {   33} {n} {n}

R {   33} {0} {<088>} {33} { }
E {   37} {w} {w}
E {   34} {e} {e}
E {   32} {s} {s}

R {   34} {0} {<088>} {34} { }
E {   33} {w} {w}
E {   31} {s} {s}

R {   35} {0} {<278>} {35} { }
E {   31} {n} {n}
E {   36} {w} {w}

R {   36} {0} {<278>} {36} { }
E {   35} {e} {e}
E {   32} {n} {n}
E {   57} {w} {w}

R {   37} {0} {<088>} {37} { }
E {   56} {s} {s}
E {   33} {e} {e}

R {   38} {0} {<278>} {38} { }
E {   30} {w} {w}
E {   39} {e} {e}

R {   39} {0} {<278>} {39} { }
E {   38} {w} {w}
E {   53} {n} {n}
E {   54} {s} {s}

R {   40} {0} {<088>} {40} { }
E {   41} {n} {n}

R {   41} {0} {<278>} {41} { }
E {   42} {n} {n}
E {   53} {w} {w}
E {   40} {s} {s}

R {   42} {0} {<278>} {42} { }
E {   41} {s} {s}
E {   26} {w} {w}

R {   43} {0} {<088>} {43} { }
E {   25} {w} {w}
E {   44} {n} {n}

R {   44} {0} {<088>} {44} { }
E {   43} {s} {s}

R {   45} {0} {<088>} {45} { }
E {    3} {s} {s}
E {   46} {u} {u}

R {   46} {0} {<088>} {46} { }
E {   45} {d} {d}

R {   47} {0} {<088>} {47} { }
E {   14} {w} {w}
E {   48} {u} {u}

R {   48} {0} {<088>} {48} { }
E {   47} {d} {d}

R {   49} {0} {<088>} {49} { }
E {   13} {d} {d}

R {   50} {0} {<088>} {50} { }
E {    7} {d} {d}

R {   51} {0} {<088>} {51} { }
E {    4} {d} {d}

R {   52} {0} {<088>} {52} { }
E {   16} {d} {d}

R {   53} {0} {<088>} {53} { }
E {   26} {n} {n}
E {   39} {s} {s}
E {   41} {e} {e}

R {   54} {0} {<088>} {54} { }
E {   39} {n} {n}
E {   58} {s} {s}

R {   55} {0} {<088>} {55} { }
E {   24} {s} {s}

R {   56} {0} {<088>} {56} { }
E {   37} {n} {n}
E {   32} {e} {e}
E {   57} {s} {s}

R {   57} {0} {<088>} {57} { }
E {   36} {e} {e}
E {   56} {n} {n}

R {   58} {0} {<088>} {58} { }
E {   54} {n} {n}
E {   59} {s} {s}

R {   59} {0} {<088>} {59} { }
E {   58} {n} {n}
E {   60} {e} {e}

R {   60} {0} {<088>} {60} { }
E {   59} {w} {w}
E {   61} {s} {s}

R {   61} {0} {<088>} {61} { }
E {   60} {n} {n}
E {   62} {s} {s}

R {   62} {0} {<088>} {62} { }
E {   61} {n} {n}
E {   63} {s} {s}

R {   63} {0} {<088>} {63} { }
E {   62} {n} {n}
E {   64} {e} {e}

R {   64} {0} {<088>} {64} { }
E {   63} {w} {w}
E {   65} {s} {s}

R {   65} {0} {<088>} {65} { }
E {   64} {n} {n}
E {   66} {e} {e}

R {   66} {0} {<088>} {66} { }
E {   65} {w} {w}
E {   67} {s} {s}

R {   67} {0} {<088>} {67} { }
E {   66} {n} {n}
E {   68} {e} {e}
E {   69} {w} {w}

R {   68} {0} {<088>} {68} { }
E {   67} {w} {w}

R {   69} {0} {<088>} {69} { }
E {   67} {e} {e}

R {   70} {0} {<088>} {70} { }
E {   17} {s} {s}
E {   71} {n} {n}

R {   71} {0} {<088>} {71} { }
E {   70} {s} {s}
E {   72} {n} {n}

R {   72} {0} {<088>} {72} { }
E {   71} {s} {s}
E {   73} {n} {n}

R {   73} {0} {<088>} {73} { }
E {   72} {s} {s}
E {   74} {n} {n}

R {   74} {0} {<088>} {74} { }
E {   73} {s} {s}
E {   75} {n} {n}

R {   75} {0} {<088>} {75} { }
E {   74} {s} {s}
E {   76} {n} {n}

R {   76} {0} {<088>} {76} { }
E {   75} {s} {s}
E {   77} {n} {n}

R {   77} {0} {<088>} {77} { }
E {   76} {s} {s}
E {   78} {w} {w}

R {   78} {0} {<088>} {78} { }
E {   77} {e} {e}
E {   79} {n} {n}

R {   79} {0} {<088>} {79} { }
E {   78} {s} {s}
E {   80} {n} {n}

R {   80} {0} {<088>} {80} { }
E {   79} {s} {s}
E {   81} {e} {e}
E {   82} {w} {w}
E {   83} {n} {n}

R {   81} {0} {<088>} {81} { }
E {   80} {w} {w}

R {   82} {0} {<088>} {82} { }
E {   80} {e} {e}

R {   83} {0} {<088>} {83} { }
E {   80} {s} {s}
