R {    1} {0} {<088>} {firstroom}
E {    2} {e} {e}
R {    2} {0} {<088>} {}
E {    1} {w} {w}
E {    3} {e} {e}
R {    3} {0} {<088>} {}
E {    2} {w} {w}
E {    4} {e} {e}
E {   22} {s} {s}
R {    4} {0} {<088>} {}
E {    3} {w} {w}
E {    5} {e} {e}
R {    5} {0} {<088>} {}
E {    4} {w} {w}
E {    6} {e} {e}
R {    6} {0} {<088>} {fountain}
E {    5} {w} {w}
E {    7} {e} {e}
E {   17} {s} {s}
R {    7} {0} {<088>} {}
E {    6} {w} {w}
E {    8} {e} {e}
R {    8} {0} {<088>} {}
E {    7} {w} {w}
E {    9} {e} {e}
R {    9} {0} {<088>} {}
E {    8} {w} {w}
E {   10} {s} {s}
E {   18} {e} {e}
E {   21} {n} {n}
R {   10} {0} {<088>} {}
E {    9} {n} {n}
E {   11} {s} {s}
R {   11} {0} {<088>} {}
E {   10} {n} {n}
E {   12} {s} {s}
R {   12} {0} {<088>} {}
E {   11} {n} {n}
E {   13} {w} {w}
R {   13} {0} {<088>} {}
E {   12} {e} {e}
E {   14} {w} {w}
R {   14} {0} {<088>} {}
E {   13} {e} {e}
E {   15} {w} {w}
R {   15} {0} {<088>} {}
E {   14} {e} {e}
E {   16} {n} {n}
E {   26} {w} {w}
E {   27} {s} {s}
R {   16} {0} {<088>} {}
E {   15} {s} {s}
E {   17} {n} {n}
R {   17} {0} {<088>} {}
E {   16} {s} {s}
E {    6} {n} {n}
R {   18} {0} {<088>} {}
E {    9} {w} {w}
E {   19} {e} {e}
R {   19} {0} {<088>} {}
E {   18} {w} {w}
E {   20} {e} {e}
R {   20} {0} {<088>} {}
E {   19} {w} {w}
R {   21} {0} {<088>} {}
E {    9} {s} {s}
R {   22} {0} {<088>} {}
E {    3} {n} {n}
E {   23} {s} {s}
R {   23} {0} {<088>} {}
E {   22} {n} {n}
E {   24} {s} {s}
R {   24} {0} {<088>} {}
E {   23} {n} {n}
E {   25} {e} {e}
R {   25} {0} {<088>} {}
E {   24} {w} {w}
E {   26} {e} {e}
R {   26} {0} {<088>} {}
E {   15} {e} {e}
E {   25} {w} {w}
R {   27} {0} {<088>} {}
E {   15} {n} {n}
E {   28} {s} {s}
R {   28} {0} {<088>} {}
E {   27} {n} {n}
E {   29} {s} {s}
R {   29} {0} {<088>} {}
E {   28} {n} {n}
E {   30} {e} {e}
R {   30} {0} {<088>} {}
E {   29} {w} {w}
E {   31} {s} {s}
R {   31} {0} {<088>} {}
E {   30} {n} {n}
E {   32} {s} {s}
R {   32} {0} {<088>} {}
E {   31} {n} {n}
E {   33} {s} {s}
R {   33} {0} {<088>} {}
E {   32} {n} {n}
E {   34} {s} {s}
R {   34} {0} {<088>} {}
E {   33} {n} {n}
E {   35} {w} {w}
R {   35} {0} {<088>} {}
E {   34} {e} {e}
E {   36} {w} {w}
R {   36} {0} {<088>} {}
E {   35} {e} {e}
E {   37} {w} {w}
R {   37} {0} {<088>} {}
E {   36} {e} {e}
E {   38} {n} {n}
E {   44} {s} {s}
E {   45} {w} {w}
R {   38} {0} {<088>} {}
E {   37} {s} {s}
E {   39} {w} {w}
R {   39} {0} {<088>} {}
E {   38} {e} {e}
E {   40} {w} {w}
E {   45} {s} {s}
R {   40} {0} {<088>} {}
E {   39} {e} {e}
E {   41} {s} {s}
R {   41} {0} {<088>} {}
E {   40} {n} {n}
E {   42} {s} {s}
E {   45} {e} {e}
R {   42} {0} {<088>} {}
E {   41} {n} {n}
E {   43} {e} {e}
R {   43} {0} {<088>} {}
E {   42} {w} {w}
E {   44} {e} {e}
E {   45} {n} {n}
R {   44} {0} {<088>} {}
E {   43} {w} {w}
E {   37} {n} {n}
R {   45} {0} {<088>} {}
E {   37} {e} {e}
E {   39} {n} {n}
E {   41} {w} {w}
E {   43} {s} {s}
