C 15000

F 26

I 129

L * # # + # | + + # + - + + + + + x


R {    1} {0} {<078>} {1} { }
E {    2} {e} {e} {2}
E {   21} {s} {s} {4}

R {    2} {8} {<078>} {2} { }
E {    3} {e} {e} {2}
E {    1} {w} {w} {8}

R {    3} {0} {<078>} {3} { }
E {    4} {e} {e} {2}
E {   22} {s} {s} {4}
E {    2} {w} {w} {8}

R {    4} {8} {<078>} {4} { }
E {    5} {e} {e} {2}
E {    3} {w} {w} {8}

R {    5} {0} {<078>} {5} { }
E {    6} {e} {e} {2}
E {    4} {w} {w} {8}

R {    6} {8} {<078>} {6} { }
E {    7} {e} {e} {2}
E {    5} {w} {w} {8}

R {    7} {8} {<078>} {7} { }
E {    8} {e} {e} {2}
E {    6} {w} {w} {8}

R {    8} {8} {<078>} {8} { }
E {    9} {e} {e} {2}
E {    7} {w} {w} {8}

R {    9} {8} {<078>} {9} { }
E {   10} {e} {e} {2}
E {    8} {w} {w} {8}

R {   10} {0} {<078>} {10} { }
E {   11} {e} {e} {2}
E {    9} {w} {w} {8}

R {   11} {0} {<078>} {11} { }
E {   12} {e} {e} {2}
E {   10} {w} {w} {8}

R {   12} {0} {<078>} {12} { }
E {   13} {e} {e} {2}
E {   27} {s} {s} {4}
E {   11} {w} {w} {8}

R {   13} {0} {<078>} {13} { }
E {   14} {e} {e} {2}
E {   12} {w} {w} {8}

R {   14} {0} {<078>} {14} { }
E {   15} {e} {e} {2}
E {   13} {w} {w} {8}

R {   15} {8} {<078>} {15} { }
E {   16} {e} {e} {2}
E {   14} {w} {w} {8}

R {   16} {0} {<078>} {16} { }
E {   17} {e} {e} {2}
E {   15} {w} {w} {8}

R {   17} {8} {<078>} {17} { }
E {   18} {e} {e} {2}
E {   16} {w} {w} {8}

R {   18} {0} {<078>} {18} { }
E {   19} {e} {e} {2}
E {   32} {s} {s} {4}
E {   17} {w} {w} {8}

R {   19} {8} {<078>} {19} { }
E {   20} {e} {e} {2}
E {   18} {w} {w} {8}

R {   20} {0} {<078>} {20} { }
E {   33} {s} {s} {4}
E {   19} {w} {w} {8}

R {   21} {8} {<078>} {21} { }
E {    1} {n} {n} {1}
E {   34} {s} {s} {4}

R {   22} {0} {<078>} {22} { }
E {    3} {n} {n} {1}
E {   23} {e} {e} {2}

R {   23} {8} {<078>} {23} { }
E {   24} {e} {e} {2}
E {   22} {w} {w} {8}

R {   24} {0} {<078>} {24} { }
E {   36} {s} {s} {4}
E {   23} {w} {w} {8}

R {   25} {0} {<078>} {25} { }
E {   41} {s} {s} {4}

R {   26} {0} {<078>} {26} { }
E {   42} {s} {s} {4}

R {   27} {0} {<078>} {27} { }
E {   12} {n} {n} {1}
E {   43} {s} {s} {4}

R {   28} {0} {<078>} {28} { }
E {   44} {s} {s} {4}

R {   29} {0} {<078>} {29} { }
E {   45} {s} {s} {4}

R {   30} {0} {<078>} {30} { }
E {   31} {e} {e} {2}
E {   47} {s} {s} {4}

R {   31} {8} {<078>} {31} { }
E {   32} {e} {e} {2}
E {   30} {w} {w} {8}

R {   32} {0} {<078>} {32} { }
E {   18} {n} {n} {1}
E {   31} {w} {w} {8}

R {   33} {8} {<078>} {33} { }
E {   20} {n} {n} {1}
E {   49} {s} {s} {4}

R {   34} {0} {<078>} {34} { }
E {   21} {n} {n} {1}
E {   50} {s} {s} {4}

R {   35} {0} {<078>} {35} { }
E {   36} {e} {e} {2}
E {   51} {s} {s} {4}

R {   36} {0} {<078>} {36} { }
E {   24} {n} {n} {1}
E {   37} {e} {e} {2}
E {   52} {s} {s} {4}
E {   35} {w} {w} {8}

R {   37} {8} {<078>} {37} { }
E {   38} {e} {e} {2}
E {   36} {w} {w} {8}

R {   38} {8} {<078>} {38} { }
E {   39} {e} {e} {2}
E {   37} {w} {w} {8}

R {   39} {8} {<078>} {39} { }
E {   40} {e} {e} {2}
E {   38} {w} {w} {8}

R {   40} {8} {<078>} {40} { }
E {   41} {e} {e} {2}
E {   39} {w} {w} {8}

R {   41} {0} {<078>} {41} { }
E {   25} {n} {n} {1}
E {   42} {e} {e} {2}
E {   40} {w} {w} {8}

R {   42} {0} {<078>} {42} { }
E {   26} {n} {n} {1}
E {   43} {e} {e} {2}
E {   41} {w} {w} {8}

R {   43} {0} {<078>} {43} { }
E {   27} {n} {n} {1}
E {   44} {e} {e} {2}
E {   59} {s} {s} {4}
E {   42} {w} {w} {8}

R {   44} {0} {<078>} {44} { }
E {   28} {n} {n} {1}
E {   45} {e} {e} {2}
E {   43} {w} {w} {8}

R {   45} {0} {<078>} {45} { }
E {   29} {n} {n} {1}
E {   46} {e} {e} {2}
E {   44} {w} {w} {8}

R {   46} {8} {<078>} {46} { }
E {   47} {e} {e} {2}
E {   45} {w} {w} {8}

R {   47} {0} {<078>} {47} { }
E {   30} {n} {n} {1}
E {   48} {e} {e} {2}
E {   62} {s} {s} {4}
E {   46} {w} {w} {8}

R {   48} {0} {<078>} {48} { }
E {   63} {s} {s} {4}
E {   47} {w} {w} {8}

R {   49} {0} {<078>} {49} { }
E {   33} {n} {n} {1}
E {   64} {s} {s} {4}

R {   50} {8} {<078>} {50} { }
E {   34} {n} {n} {1}
E {   65} {s} {s} {4}

R {   51} {8} {<078>} {51} { }
E {   35} {n} {n} {1}
E {   66} {s} {s} {4}

R {   52} {0} {<078>} {52} { }
E {   36} {n} {n} {1}
E {   53} {e} {e} {2}

R {   53} {8} {<078>} {53} { }
E {   54} {e} {e} {2}
E {   52} {w} {w} {8}

R {   54} {8} {<078>} {54} { }
E {   55} {e} {e} {2}
E {   53} {w} {w} {8}

R {   55} {8} {<078>} {55} { }
E {   56} {e} {e} {2}
E {   54} {w} {w} {8}

R {   56} {0} {<078>} {56} { }
E {   70} {s} {s} {4}
E {   55} {w} {w} {8}

R {   57} {0} {<078>} {57} { }
E {   58} {e} {e} {2}
E {   71} {s} {s} {4}

R {   58} {0} {<078>} {58} { }
E {   57} {w} {w} {8}

R {   59} {0} {<078>} {59} { }
E {   43} {n} {n} {1}
E {   73} {s} {s} {4}

R {   60} {0} {<078>} {60} { }
E {   61} {e} {e} {2}
E {   75} {s} {s} {4}

R {   61} {8} {<078>} {61} { }
E {   62} {e} {e} {2}
E {   60} {w} {w} {8}

R {   62} {0} {<078>} {62} { }
E {   47} {n} {n} {1}
E {   61} {w} {w} {8}

R {   63} {8} {<078>} {63} { }
E {   48} {n} {n} {1}
E {   77} {s} {s} {4}

R {   64} {8} {<078>} {64} { }
E {   49} {n} {n} {1}
E {   79} {s} {s} {4}

R {   65} {0} {<078>} {65} { }
E {   50} {n} {n} {1}
E {   80} {s} {s} {4}

R {   66} {8} {<078>} {66} { }
E {   51} {n} {n} {1}
E {   83} {s} {s} {4}

R {   67} {0} {<078>} {67} { }
E {   68} {e} {e} {2}
E {   84} {s} {s} {4}

R {   68} {0} {<078>} {68} { }
E {   67} {w} {w} {8}

R {   69} {0} {<078>} {69} { }
E {   70} {e} {e} {2}
E {   87} {s} {s} {4}

R {   70} {0} {<078>} {70} { }
E {   56} {n} {n} {1}
E {   71} {e} {e} {2}
E {   88} {s} {s} {4}
E {   69} {w} {w} {8}

R {   71} {0} {<078>} {71} { }
E {   57} {n} {n} {1}
E {   72} {e} {e} {2}
E {   70} {w} {w} {8}

R {   72} {8} {<078>} {72} { }
E {   73} {e} {e} {2}
E {   71} {w} {w} {8}

R {   73} {0} {<078>} {73} { }
E {   59} {n} {n} {1}
E {   74} {e} {e} {2}
E {   72} {w} {w} {8}

R {   74} {0} {<078>} {74} { }
E {   75} {e} {e} {2}
E {   73} {w} {w} {8}

R {   75} {0} {<078>} {75} { }
E {   60} {n} {n} {1}
E {   76} {e} {e} {2}
E {   89} {s} {s} {4}
E {   74} {w} {w} {8}

R {   76} {0} {<078>} {76} { }
E {   90} {s} {s} {4}
E {   75} {w} {w} {8}

R {   77} {8} {<078>} {77} { }
E {   63} {n} {n} {1}
E {   91} {s} {s} {4}

R {   78} {0} {<078>} {78} { }
E {   92} {s} {s} {4}

R {   79} {0} {<078>} {79} { }
E {   64} {n} {n} {1}
E {   94} {s} {s} {4}

R {   80} {8} {<078>} {80} { }
E {   65} {n} {n} {1}
E {   95} {s} {s} {4}

R {   81} {0} {<078>} {81} { }
E {   82} {e} {e} {2}
E {   96} {s} {s} {4}

R {   82} {8} {<078>} {82} { }
E {   83} {e} {e} {2}
E {   81} {w} {w} {8}

R {   83} {0} {<078>} {83} { }
E {   66} {n} {n} {1}
E {   98} {s} {s} {4}
E {   82} {w} {w} {8}

R {   84} {0} {<078>} {84} { }
E {   67} {n} {n} {1}
E {   85} {e} {e} {2}
E {   99} {s} {s} {4}

R {   85} {0} {<078>} {85} { }
E {   86} {e} {e} {2}
E {   84} {w} {w} {8}

R {   86} {0} {<078>} {86} { }
E {   85} {w} {w} {8}

R {   87} {8} {<078>} {87} { }
E {   69} {n} {n} {1}
E {  100} {s} {s} {4}

R {   88} {8} {<078>} {88} { }
E {   70} {n} {n} {1}
E {  101} {s} {s} {4}

R {   89} {8} {<078>} {89} { }
E {   75} {n} {n} {1}
E {  106} {s} {s} {4}

R {   90} {8} {<078>} {90} { }
E {   76} {n} {n} {1}
E {  107} {s} {s} {4}

R {   91} {0} {<078>} {91} { }
E {   77} {n} {n} {1}
E {   92} {e} {e} {2}
E {  109} {s} {s} {4}

R {   92} {0} {<078>} {92} { }
E {   78} {n} {n} {1}
E {   93} {e} {e} {2}
E {  110} {s} {s} {4}
E {   91} {w} {w} {8}

R {   93} {0} {<078>} {93} { }
E {   92} {w} {w} {8}

R {   94} {8} {<078>} {94} { }
E {   79} {n} {n} {1}
E {  111} {s} {s} {4}

R {   95} {0} {<078>} {95} { }
E {   80} {n} {n} {1}
E {  113} {s} {s} {4}

R {   96} {0} {<078>} {96} { }
E {   81} {n} {n} {1}
E {   97} {e} {e} {2}
E {  114} {s} {s} {4}

R {   97} {0} {<078>} {97} { }
E {   96} {w} {w} {8}

R {   98} {8} {<078>} {98} { }
E {   83} {n} {n} {1}
E {  115} {s} {s} {4}

R {   99} {0} {<078>} {99} { }
E {   84} {n} {n} {1}
E {  116} {s} {s} {4}

R {  100} {8} {<078>} {100} { }
E {   87} {n} {n} {1}
E {  119} {s} {s} {4}

R {  101} {0} {<078>} {101} { }
E {   88} {n} {n} {1}
E {  102} {e} {e} {2}

R {  102} {8} {<078>} {102} { }
E {  103} {e} {e} {2}
E {  101} {w} {w} {8}

R {  103} {0} {<078>} {103} { }
E {  120} {s} {s} {4}
E {  102} {w} {w} {8}

R {  104} {0} {<078>} {104} { }
E {  121} {s} {s} {4}

R {  105} {0} {<078>} {105} { }
E {  106} {e} {e} {2}
E {  122} {s} {s} {4}

R {  106} {0} {<078>} {106} { }
E {   89} {n} {n} {1}
E {  105} {w} {w} {8}

R {  107} {8} {<078>} {107} { }
E {   90} {n} {n} {1}
E {  123} {s} {s} {4}

R {  108} {0} {<078>} {108} { }
E {  124} {s} {s} {4}

R {  109} {8} {<078>} {109} { }
E {   91} {n} {n} {1}
E {  125} {s} {s} {4}

R {  110} {0} {<078>} {110} { }
E {   92} {n} {n} {1}

R {  111} {0} {<078>} {111} { }
E {   94} {n} {n} {1}
E {  112} {e} {e} {2}
E {  127} {s} {s} {4}

R {  112} {0} {<078>} {112} { }
E {  111} {w} {w} {8}

R {  113} {8} {<078>} {113} { }
E {   95} {n} {n} {1}
E {  129} {s} {s} {4}

R {  114} {0} {<078>} {114} { }
E {   96} {n} {n} {1}

R {  115} {0} {<078>} {115} { }
E {   98} {n} {n} {1}
E {  116} {e} {e} {2}
E {  132} {s} {s} {4}

R {  116} {0} {<078>} {116} { }
E {   99} {n} {n} {1}
E {  117} {e} {e} {2}
E {  115} {w} {w} {8}

R {  117} {8} {<078>} {117} { }
E {  118} {e} {e} {2}
E {  116} {w} {w} {8}

R {  118} {8} {<078>} {118} { }
E {  119} {e} {e} {2}
E {  117} {w} {w} {8}

R {  119} {0} {<078>} {119} { }
E {  100} {n} {n} {1}
E {  136} {s} {s} {4}
E {  118} {w} {w} {8}

R {  120} {0} {<078>} {120} { }
E {  103} {n} {n} {1}
E {  121} {e} {e} {2}
E {  139} {s} {s} {4}

R {  121} {0} {<078>} {121} { }
E {  104} {n} {n} {1}
E {  122} {e} {e} {2}
E {  140} {s} {s} {4}
E {  120} {w} {w} {8}

R {  122} {0} {<078>} {122} { }
E {  105} {n} {n} {1}
E {  141} {s} {s} {4}
E {  121} {w} {w} {8}

R {  123} {0} {<078>} {123} { }
E {  107} {n} {n} {1}
E {  124} {e} {e} {2}
E {  143} {s} {s} {4}

R {  124} {0} {<078>} {124} { }
E {  108} {n} {n} {1}
E {  123} {w} {w} {8}

R {  125} {0} {<078>} {125} { }
E {  109} {n} {n} {1}
E {  126} {e} {e} {2}
E {  145} {s} {s} {4}

R {  126} {0} {<078>} {126} { }
E {  125} {w} {w} {8}

R {  127} {8} {<078>} {127} { }
E {  111} {n} {n} {1}
E {  148} {s} {s} {4}

R {  128} {0} {<078>} {128} { }
E {  129} {e} {e} {2}

R {  129} {0} {<078>} {129} { }
E {  113} {n} {n} {1}
E {  130} {e} {e} {2}
E {  150} {s} {s} {4}
E {  128} {w} {w} {8}

R {  130} {0} {<078>} {130} { }
E {  131} {e} {e} {2}
E {  129} {w} {w} {8}

R {  131} {8} {<078>} {131} { }
E {  132} {e} {e} {2}
E {  130} {w} {w} {8}

R {  132} {0} {<078>} {132} { }
E {  115} {n} {n} {1}
E {  133} {e} {e} {2}
E {  151} {s} {s} {4}
E {  131} {w} {w} {8}

R {  133} {0} {<078>} {133} { }
E {  134} {e} {e} {2}
E {  132} {w} {w} {8}

R {  134} {8} {<078>} {134} { }
E {  135} {e} {e} {2}
E {  133} {w} {w} {8}

R {  135} {8} {<078>} {135} { }
E {  136} {e} {e} {2}
E {  134} {w} {w} {8}

R {  136} {0} {<078>} {136} { }
E {  119} {n} {n} {1}
E {  137} {e} {e} {2}
E {  152} {s} {s} {4}
E {  135} {w} {w} {8}

R {  137} {0} {<078>} {137} { }
E {  138} {e} {e} {2}
E {  136} {w} {w} {8}

R {  138} {8} {<078>} {138} { }
E {  139} {e} {e} {2}
E {  137} {w} {w} {8}

R {  139} {0} {<078>} {139} { }
E {  120} {n} {n} {1}
E {  140} {e} {e} {2}
E {  153} {s} {s} {4}
E {  138} {w} {w} {8}

R {  140} {0} {<078>} {140} { }
E {  121} {n} {n} {1}
E {  141} {e} {e} {2}
E {  154} {s} {s} {4}
E {  139} {w} {w} {8}

R {  141} {0} {<078>} {141} { }
E {  122} {n} {n} {1}
E {  142} {e} {e} {2}
E {  155} {s} {s} {4}
E {  140} {w} {w} {8}

R {  142} {0} {<078>} {142} { }
E {  143} {e} {e} {2}
E {  141} {w} {w} {8}

R {  143} {0} {<078>} {143} { }
E {  123} {n} {n} {1}
E {  144} {e} {e} {2}
E {  156} {s} {s} {4}
E {  142} {w} {w} {8}

R {  144} {0} {<078>} {144} { }
E {  145} {e} {e} {2}
E {  143} {w} {w} {8}

R {  145} {0} {<078>} {145} { }
E {  125} {n} {n} {1}
E {  146} {e} {e} {2}
E {  157} {s} {s} {4}
E {  144} {w} {w} {8}

R {  146} {8} {<078>} {146} { }
E {  147} {e} {e} {2}
E {  145} {w} {w} {8}

R {  147} {8} {<078>} {147} { }
E {  148} {e} {e} {2}
E {  146} {w} {w} {8}

R {  148} {0} {<078>} {148} { }
E {  127} {n} {n} {1}
E {  149} {e} {e} {2}
E {  159} {s} {s} {4}
E {  147} {w} {w} {8}

R {  149} {0} {<078>} {149} { }
E {  148} {w} {w} {8}

R {  150} {8} {<078>} {150} { }
E {  129} {n} {n} {1}
E {  160} {s} {s} {4}

R {  151} {8} {<078>} {151} { }
E {  132} {n} {n} {1}
E {  161} {s} {s} {4}

R {  152} {0} {<078>} {152} { }
E {  136} {n} {n} {1}
E {  163} {s} {s} {4}

R {  153} {0} {<078>} {153} { }
E {  139} {n} {n} {1}
E {  154} {e} {e} {2}
E {  166} {s} {s} {4}

R {  154} {0} {<078>} {154} { }
E {  140} {n} {n} {1}
E {  155} {e} {e} {2}
E {  167} {s} {s} {4}
E {  153} {w} {w} {8}

R {  155} {0} {<078>} {155} { }
E {  141} {n} {n} {1}
E {  168} {s} {s} {4}
E {  154} {w} {w} {8}

R {  156} {8} {<078>} {156} { }
E {  143} {n} {n} {1}
E {  170} {s} {s} {4}

R {  157} {0} {<078>} {157} { }
E {  145} {n} {n} {1}
E {  158} {e} {e} {2}
E {  171} {s} {s} {4}

R {  158} {0} {<078>} {158} { }
E {  157} {w} {w} {8}

R {  159} {8} {<078>} {159} { }
E {  148} {n} {n} {1}
E {  172} {s} {s} {4}

R {  160} {0} {<078>} {160} { }
E {  150} {n} {n} {1}
E {  173} {s} {s} {4}

R {  161} {0} {<078>} {161} { }
E {  151} {n} {n} {1}
E {  162} {e} {e} {2}
E {  174} {s} {s} {4}

R {  162} {0} {<078>} {162} { }
E {  161} {w} {w} {8}

R {  163} {0} {<078>} {163} { }
E {  152} {n} {n} {1}
E {  176} {s} {s} {4}

R {  164} {0} {<078>} {164} { }
E {  165} {e} {e} {2}
E {  177} {s} {s} {4}

R {  165} {8} {<078>} {165} { }
E {  166} {e} {e} {2}
E {  164} {w} {w} {8}

R {  166} {0} {<078>} {166} { }
E {  153} {n} {n} {1}
E {  165} {w} {w} {8}

R {  167} {0} {<078>} {167} { }
E {  154} {n} {n} {1}
E {  180} {s} {s} {4}

R {  168} {0} {<078>} {168} { }
E {  155} {n} {n} {1}
E {  169} {e} {e} {2}

R {  169} {0} {<078>} {169} { }
E {  182} {s} {s} {4}
E {  168} {w} {w} {8}

R {  170} {0} {<078>} {170} { }
E {  156} {n} {n} {1}
E {  183} {s} {s} {4}

R {  171} {0} {<078>} {171} { }
E {  157} {n} {n} {1}
E {  184} {s} {s} {4}

R {  172} {0} {<078>} {172} { }
E {  159} {n} {n} {1}
E {  185} {s} {s} {4}

R {  173} {8} {<078>} {173} { }
E {  160} {n} {n} {1}
E {  186} {s} {s} {4}

R {  174} {0} {<078>} {174} { }
E {  161} {n} {n} {1}
E {  175} {e} {e} {2}
E {  187} {s} {s} {4}

R {  175} {0} {<078>} {175} { }
E {  174} {w} {w} {8}

R {  176} {0} {<078>} {176} { }
E {  163} {n} {n} {1}
E {  177} {e} {e} {2}

R {  177} {0} {<078>} {177} { }
E {  164} {n} {n} {1}
E {  178} {e} {e} {2}
E {  192} {s} {s} {4}
E {  176} {w} {w} {8}

R {  178} {8} {<078>} {178} { }
E {  179} {e} {e} {2}
E {  177} {w} {w} {8}

R {  179} {0} {<078>} {179} { }
E {  180} {e} {e} {2}
E {  178} {w} {w} {8}

R {  180} {0} {<078>} {180} { }
E {  167} {n} {n} {1}
E {  181} {e} {e} {2}
E {  193} {s} {s} {4}
E {  179} {w} {w} {8}

R {  181} {0} {<078>} {181} { }
E {  182} {e} {e} {2}
E {  180} {w} {w} {8}

R {  182} {0} {<078>} {182} { }
E {  169} {n} {n} {1}
E {  183} {e} {e} {2}
E {  194} {s} {s} {4}
E {  181} {w} {w} {8}

R {  183} {0} {<078>} {183} { }
E {  170} {n} {n} {1}
E {  182} {w} {w} {8}

R {  184} {8} {<078>} {184} { }
E {  171} {n} {n} {1}
E {  197} {s} {s} {4}

R {  185} {8} {<078>} {185} { }
E {  172} {n} {n} {1}
E {  198} {s} {s} {4}

R {  186} {0} {<078>} {186} { }
E {  173} {n} {n} {1}
E {  199} {s} {s} {4}

R {  187} {8} {<078>} {187} { }
E {  174} {n} {n} {1}
E {  200} {s} {s} {4}

R {  188} {0} {<078>} {188} { }
E {  189} {e} {e} {2}
E {  201} {s} {s} {4}

R {  189} {8} {<078>} {189} { }
E {  190} {e} {e} {2}
E {  188} {w} {w} {8}

R {  190} {8} {<078>} {190} { }
E {  191} {e} {e} {2}
E {  189} {w} {w} {8}

R {  191} {8} {<078>} {191} { }
E {  192} {e} {e} {2}
E {  190} {w} {w} {8}

R {  192} {0} {<078>} {192} { }
E {  177} {n} {n} {1}
E {  191} {w} {w} {8}

R {  193} {0} {<078>} {193} { }
E {  180} {n} {n} {1}
E {  208} {s} {s} {4}

R {  194} {0} {<078>} {194} { }
E {  182} {n} {n} {1}
E {  195} {e} {e} {2}

R {  195} {8} {<078>} {195} { }
E {  196} {e} {e} {2}
E {  194} {w} {w} {8}

R {  196} {0} {<078>} {196} { }
E {  212} {s} {s} {4}
E {  195} {w} {w} {8}

R {  197} {8} {<078>} {197} { }
E {  184} {n} {n} {1}
E {  213} {s} {s} {4}

R {  198} {0} {<078>} {198} { }
E {  185} {n} {n} {1}
E {  214} {s} {s} {4}

R {  199} {8} {<078>} {199} { }
E {  186} {n} {n} {1}
E {  215} {s} {s} {4}

R {  200} {0} {<078>} {200} { }
E {  187} {n} {n} {1}
E {  201} {e} {e} {2}

R {  201} {0} {<078>} {201} { }
E {  188} {n} {n} {1}
E {  202} {e} {e} {2}
E {  216} {s} {s} {4}
E {  200} {w} {w} {8}

R {  202} {8} {<078>} {202} { }
E {  203} {e} {e} {2}
E {  201} {w} {w} {8}

R {  203} {8} {<078>} {203} { }
E {  204} {e} {e} {2}
E {  202} {w} {w} {8}

R {  204} {0} {<078>} {204} { }
E {  205} {e} {e} {2}
E {  217} {s} {s} {4}
E {  203} {w} {w} {8}

R {  205} {8} {<078>} {205} { }
E {  206} {e} {e} {2}
E {  204} {w} {w} {8}

R {  206} {0} {<078>} {206} { }
E {  207} {e} {e} {2}
E {  219} {s} {s} {4}
E {  205} {w} {w} {8}

R {  207} {8} {<078>} {207} { }
E {  208} {e} {e} {2}
E {  206} {w} {w} {8}

R {  208} {0} {<078>} {208} { }
E {  193} {n} {n} {1}
E {  209} {e} {e} {2}
E {  221} {s} {s} {4}
E {  207} {w} {w} {8}

R {  209} {0} {<078>} {209} { }
E {  210} {e} {e} {2}
E {  222} {s} {s} {4}
E {  208} {w} {w} {8}

R {  210} {8} {<078>} {210} { }
E {  211} {e} {e} {2}
E {  209} {w} {w} {8}

R {  211} {0} {<078>} {211} { }
E {  212} {e} {e} {2}
E {  224} {s} {s} {4}
E {  210} {w} {w} {8}

R {  212} {0} {<078>} {212} { }
E {  196} {n} {n} {1}
E {  213} {e} {e} {2}
E {  225} {s} {s} {4}
E {  211} {w} {w} {8}

R {  213} {0} {<078>} {213} { }
E {  197} {n} {n} {1}
E {  212} {w} {w} {8}

R {  214} {8} {<078>} {214} { }
E {  198} {n} {n} {1}
E {  226} {s} {s} {4}

R {  215} {0} {<078>} {215} { }
E {  199} {n} {n} {1}
E {  227} {s} {s} {4}

R {  216} {8} {<078>} {216} { }
E {  201} {n} {n} {1}
E {  230} {s} {s} {4}

R {  217} {0} {<078>} {217} { }
E {  204} {n} {n} {1}
E {  218} {e} {e} {2}

R {  218} {0} {<078>} {218} { }
E {  217} {w} {w} {8}

R {  219} {8} {<078>} {219} { }
E {  206} {n} {n} {1}
E {  231} {s} {s} {4}

R {  220} {0} {<078>} {220} { }
E {  231} {d} {d} {32}

R {  221} {8} {<078>} {221} { }
E {  208} {n} {n} {1}
E {  232} {s} {s} {4}

R {  222} {0} {<078>} {222} { }
E {  209} {n} {n} {1}
E {  223} {e} {e} {2}

R {  223} {0} {<078>} {223} { }
E {  222} {w} {w} {8}

R {  224} {0} {<078>} {224} { }
E {  211} {n} {n} {1}

R {  225} {8} {<078>} {225} { }
E {  212} {n} {n} {1}
E {  233} {s} {s} {4}

R {  226} {0} {<078>} {226} { }
E {  214} {n} {n} {1}
E {  236} {s} {s} {4}

R {  227} {8} {<078>} {227} { }
E {  215} {n} {n} {1}
E {  237} {s} {s} {4}

R {  228} {0} {<078>} {228} { }
E {  229} {e} {e} {2}
E {  239} {s} {s} {4}

R {  229} {8} {<078>} {229} { }
E {  230} {e} {e} {2}
E {  228} {w} {w} {8}

R {  230} {0} {<078>} {230} { }
E {  216} {n} {n} {1}
E {  229} {w} {w} {8}

R {  231} {0} {<078>} {231} { }
E {  219} {n} {n} {1}
E {  220} {u} {u} {16}

R {  232} {0} {<078>} {232} { }
E {  221} {n} {n} {1}
E {  248} {s} {s} {4}

R {  233} {0} {<078>} {233} { }
E {  225} {n} {n} {1}
E {  234} {e} {e} {2}

R {  234} {8} {<078>} {234} { }
E {  235} {e} {e} {2}
E {  233} {w} {w} {8}

R {  235} {0} {<078>} {235} { }
E {  254} {s} {s} {4}
E {  234} {w} {w} {8}

R {  236} {8} {<078>} {236} { }
E {  226} {n} {n} {1}
E {  256} {s} {s} {4}

R {  237} {0} {<078>} {237} { }
E {  227} {n} {n} {1}
E {  238} {e} {e} {2}

R {  238} {8} {<078>} {238} { }
E {  239} {e} {e} {2}
E {  237} {w} {w} {8}

R {  239} {0} {<078>} {239} { }
E {  228} {n} {n} {1}
E {  240} {e} {e} {2}
E {  238} {w} {w} {8}

R {  240} {8} {<078>} {240} { }
E {  241} {e} {e} {2}
E {  239} {w} {w} {8}

R {  241} {8} {<078>} {241} { }
E {  242} {e} {e} {2}
E {  240} {w} {w} {8}

R {  242} {0} {<078>} {242} { }
E {  243} {e} {e} {2}
E {  241} {w} {w} {8}

R {  243} {8} {<078>} {243} { }
E {  244} {e} {e} {2}
E {  242} {w} {w} {8}

R {  244} {0} {<078>} {244} { }
E {  245} {e} {e} {2}
E {  243} {w} {w} {8}

R {  245} {8} {<078>} {245} { }
E {  246} {e} {e} {2}
E {  244} {w} {w} {8}

R {  246} {0} {<078>} {246} { }
E {  247} {e} {e} {2}
E {  245} {w} {w} {8}

R {  247} {8} {<078>} {247} { }
E {  248} {e} {e} {2}
E {  246} {w} {w} {8}

R {  248} {0} {<078>} {248} { }
E {  232} {n} {n} {1}
E {  249} {e} {e} {2}
E {  257} {s} {s} {4}
E {  247} {w} {w} {8}

R {  249} {0} {<078>} {249} { }
E {  250} {e} {e} {2}
E {  248} {w} {w} {8}

R {  250} {8} {<078>} {250} { }
E {  251} {e} {e} {2}
E {  249} {w} {w} {8}

R {  251} {0} {<078>} {251} { }
E {  252} {e} {e} {2}
E {  250} {w} {w} {8}

R {  252} {0} {<078>} {252} { }
E {  253} {e} {e} {2}
E {  251} {w} {w} {8}

R {  253} {8} {<078>} {253} { }
E {  254} {e} {e} {2}
E {  252} {w} {w} {8}

R {  254} {0} {<078>} {254} { }
E {  235} {n} {n} {1}
E {  255} {e} {e} {2}
E {  253} {w} {w} {8}

R {  255} {8} {<078>} {255} { }
E {  256} {e} {e} {2}
E {  254} {w} {w} {8}

R {  256} {0} {<078>} {256} { }
E {  236} {n} {n} {1}
E {  258} {s} {s} {4}
E {  255} {w} {w} {8}

R {  257} {0} {<078>} {257} { }
E {  248} {n} {n} {1}

R {  258} {0} {<078>} {258} { }
E {  256} {n} {n} {1}
